[0.016s] Invoking command in '/home/jetson/Desktop/Robot_AGV/build/serial': CMAKE_PREFIX_PATH=/opt/ros/humble /usr/bin/cmake /home/jetson/Desktop/Robot_AGV/src/serial -DCMAKE_INSTALL_PREFIX=/home/jetson/Desktop/Robot_AGV/install/serial
[0.113s] -- The C compiler identification is GNU 11.4.0
[0.219s] -- The CXX compiler identification is GNU 11.4.0
[0.240s] -- Detecting C compiler ABI info
[0.386s] -- Detecting C compiler ABI info - done
[0.410s] -- Check for working C compiler: /usr/bin/cc - skipped
[0.411s] -- Detecting C compile features
[0.412s] -- Detecting C compile features - done
[0.423s] -- Detecting CXX compiler ABI info
[0.583s] -- Detecting CXX compiler ABI info - done
[0.608s] -- Check for working CXX compiler: /usr/bin/c++ - skipped
[0.609s] -- Detecting CXX compile features
[0.611s] -- Detecting CXX compile features - done
[0.618s] -- Found ament_cmake: 1.3.13 (/opt/ros/humble/share/ament_cmake/cmake)
[0.941s] -- Found Python3: /usr/bin/python3 (found version "3.10.12") found components: Interpreter 
[1.267s] -- Configuring done
[1.282s] -- Generating done
[1.289s] -- Build files have been written to: /home/jetson/Desktop/Robot_AGV/build/serial
[1.303s] Invoked command in '/home/jetson/Desktop/Robot_AGV/build/serial' returned '0': CMAKE_PREFIX_PATH=/opt/ros/humble /usr/bin/cmake /home/jetson/Desktop/Robot_AGV/src/serial -DCMAKE_INSTALL_PREFIX=/home/jetson/Desktop/Robot_AGV/install/serial
[1.308s] Invoking command in '/home/jetson/Desktop/Robot_AGV/build/serial': CMAKE_PREFIX_PATH=/opt/ros/humble /usr/bin/cmake --build /home/jetson/Desktop/Robot_AGV/build/serial -- -j6 -l6
[1.404s] [ 50%] [32mBuilding CXX object CMakeFiles/serial.dir/src/serial.cc.o[0m
[1.404s] [ 50%] [32mBuilding CXX object CMakeFiles/serial.dir/src/impl/unix.cc.o[0m
[1.406s] [ 75%] [32mBuilding CXX object CMakeFiles/serial.dir/src/impl/list_ports/list_ports_linux.cc.o[0m
[2.437s] [100%] [32m[1mLinking CXX static library libserial.a[0m
[2.520s] [100%] Built target serial
[2.547s] Invoked command in '/home/jetson/Desktop/Robot_AGV/build/serial' returned '0': CMAKE_PREFIX_PATH=/opt/ros/humble /usr/bin/cmake --build /home/jetson/Desktop/Robot_AGV/build/serial -- -j6 -l6
[2.570s] Invoking command in '/home/jetson/Desktop/Robot_AGV/build/serial': CMAKE_PREFIX_PATH=/opt/ros/humble /usr/bin/cmake --install /home/jetson/Desktop/Robot_AGV/build/serial
[2.587s] -- Install configuration: ""
[2.588s] -- Installing: /home/jetson/Desktop/Robot_AGV/install/serial/share/serial/environment/library_path.sh
[2.588s] -- Installing: /home/jetson/Desktop/Robot_AGV/install/serial/share/serial/environment/library_path.dsv
[2.589s] -- Installing: /home/jetson/Desktop/Robot_AGV/install/serial/lib/libserial.a
[2.590s] -- Installing: /home/jetson/Desktop/Robot_AGV/install/serial/include/serial/serial.h
[2.591s] -- Installing: /home/jetson/Desktop/Robot_AGV/install/serial/include/serial/v8stdint.h
[2.591s] -- Installing: /home/jetson/Desktop/Robot_AGV/install/serial/share/ament_index/resource_index/package_run_dependencies/serial
[2.591s] -- Installing: /home/jetson/Desktop/Robot_AGV/install/serial/share/ament_index/resource_index/parent_prefix_path/serial
[2.592s] -- Installing: /home/jetson/Desktop/Robot_AGV/install/serial/share/serial/environment/ament_prefix_path.sh
[2.592s] -- Installing: /home/jetson/Desktop/Robot_AGV/install/serial/share/serial/environment/ament_prefix_path.dsv
[2.592s] -- Installing: /home/jetson/Desktop/Robot_AGV/install/serial/share/serial/environment/path.sh
[2.592s] -- Installing: /home/jetson/Desktop/Robot_AGV/install/serial/share/serial/environment/path.dsv
[2.593s] -- Installing: /home/jetson/Desktop/Robot_AGV/install/serial/share/serial/local_setup.bash
[2.593s] -- Installing: /home/jetson/Desktop/Robot_AGV/install/serial/share/serial/local_setup.sh
[2.593s] -- Installing: /home/jetson/Desktop/Robot_AGV/install/serial/share/serial/local_setup.zsh
[2.594s] -- Installing: /home/jetson/Desktop/Robot_AGV/install/serial/share/serial/local_setup.dsv
[2.594s] -- Installing: /home/jetson/Desktop/Robot_AGV/install/serial/share/serial/package.dsv
[2.594s] -- Installing: /home/jetson/Desktop/Robot_AGV/install/serial/share/ament_index/resource_index/packages/serial
[2.594s] -- Installing: /home/jetson/Desktop/Robot_AGV/install/serial/share/serial/cmake/ament_cmake_export_include_directories-extras.cmake
[2.595s] -- Installing: /home/jetson/Desktop/Robot_AGV/install/serial/share/serial/cmake/ament_cmake_export_libraries-extras.cmake
[2.595s] -- Installing: /home/jetson/Desktop/Robot_AGV/install/serial/share/serial/cmake/serialConfig.cmake
[2.595s] -- Installing: /home/jetson/Desktop/Robot_AGV/install/serial/share/serial/cmake/serialConfig-version.cmake
[2.595s] -- Installing: /home/jetson/Desktop/Robot_AGV/install/serial/share/serial/package.xml
[2.600s] Invoked command in '/home/jetson/Desktop/Robot_AGV/build/serial' returned '0': CMAKE_PREFIX_PATH=/opt/ros/humble /usr/bin/cmake --install /home/jetson/Desktop/Robot_AGV/build/serial
