[0.023s] Invoking command in '/home/jetson/Desktop/Robot_AGV/build/robot_bridge_node': CMAKE_PREFIX_PATH=${CMAKE_PREFIX_PATH}:/home/jetson/ros2_ws/install/tim510_driver:/opt/ros/humble /usr/bin/cmake /home/jetson/Desktop/Robot_AGV/src/robot_bridge_node -DCMAKE_INSTALL_PREFIX=/home/jetson/Desktop/Robot_AGV/install/robot_bridge_node
[0.133s] -- The C compiler identification is GNU 11.4.0
[0.247s] -- The CXX compiler identification is GNU 11.4.0
[0.269s] -- Detecting C compiler ABI info
[0.424s] -- Detecting C compiler ABI info - done
[0.449s] -- Check for working C compiler: /usr/bin/cc - skipped
[0.450s] -- Detecting C compile features
[0.451s] -- Detecting C compile features - done
[0.462s] -- Detecting CXX compiler ABI info
[0.625s] -- Detecting CXX compiler ABI info - done
[0.651s] -- Check for working CXX compiler: /usr/bin/c++ - skipped
[0.651s] -- Detecting CXX compile features
[0.653s] -- Detecting CXX compile features - done
[0.661s] -- Found ament_cmake: 1.3.13 (/opt/ros/humble/share/ament_cmake/cmake)
[0.983s] -- Found Python3: /usr/bin/python3 (found version "3.10.12") found components: Interpreter 
[1.189s] -- Found rclcpp: 16.0.18 (/opt/ros/humble/share/rclcpp/cmake)
[1.277s] -- Found rosidl_generator_c: 3.1.8 (/opt/ros/humble/share/rosidl_generator_c/cmake)
[1.284s] -- Found rosidl_adapter: 3.1.8 (/opt/ros/humble/share/rosidl_adapter/cmake)
[1.298s] -- Found rosidl_generator_cpp: 3.1.8 (/opt/ros/humble/share/rosidl_generator_cpp/cmake)
[1.317s] -- Using all available rosidl_typesupport_c: rosidl_typesupport_fastrtps_c;rosidl_typesupport_introspection_c
[1.343s] -- Using all available rosidl_typesupport_cpp: rosidl_typesupport_fastrtps_cpp;rosidl_typesupport_introspection_cpp
[1.413s] -- Found rmw_implementation_cmake: 6.1.2 (/opt/ros/humble/share/rmw_implementation_cmake/cmake)
[1.417s] -- Found rmw_fastrtps_cpp: 6.2.10 (/opt/ros/humble/share/rmw_fastrtps_cpp/cmake)
[1.557s] -- Found OpenSSL: /usr/lib/aarch64-linux-gnu/libcrypto.so (found version "3.0.2")  
[1.615s] -- Found FastRTPS: /opt/ros/humble/include  
[1.688s] -- Using RMW implementation 'rmw_fastrtps_cpp' as default
[1.701s] -- Looking for pthread.h
[1.840s] -- Looking for pthread.h - found
[1.841s] -- Performing Test CMAKE_HAVE_LIBC_PTHREAD
[1.996s] -- Performing Test CMAKE_HAVE_LIBC_PTHREAD - Success
[1.999s] -- Found Threads: TRUE  
[2.124s] -- Found geometry_msgs: 4.9.1 (/opt/ros/humble/share/geometry_msgs/cmake)
[2.146s] -- Found nav_msgs: 4.9.1 (/opt/ros/humble/share/nav_msgs/cmake)
[2.174s] -- Found sensor_msgs: 4.9.1 (/opt/ros/humble/share/sensor_msgs/cmake)
[2.202s] -- Found tf2_ros: 0.25.19 (/opt/ros/humble/share/tf2_ros/cmake)
[2.359s] -- Found serial: 1.2.1 (/home/jetson/Desktop/Robot_AGV/install/serial/share/serial/cmake)
[2.366s] -- Found ament_lint_auto: 0.12.15 (/opt/ros/humble/share/ament_lint_auto/cmake)
[2.517s] -- Added test 'cppcheck' to perform static code analysis on C / C++ code
[2.517s] -- Configured cppcheck include dirs: 
[2.517s] -- Configured cppcheck exclude dirs and/or files: 
[2.518s] -- Added test 'lint_cmake' to check CMake code style
[2.519s] -- Added test 'uncrustify' to check C / C++ code style
[2.519s] -- Configured uncrustify additional arguments: 
[2.520s] -- Added test 'xmllint' to check XML markup files
[2.522s] -- Configuring done
[2.546s] -- Generating done
[2.554s] -- Build files have been written to: /home/jetson/Desktop/Robot_AGV/build/robot_bridge_node
[2.581s] Invoked command in '/home/jetson/Desktop/Robot_AGV/build/robot_bridge_node' returned '0': CMAKE_PREFIX_PATH=${CMAKE_PREFIX_PATH}:/home/jetson/ros2_ws/install/tim510_driver:/opt/ros/humble /usr/bin/cmake /home/jetson/Desktop/Robot_AGV/src/robot_bridge_node -DCMAKE_INSTALL_PREFIX=/home/jetson/Desktop/Robot_AGV/install/robot_bridge_node
[2.587s] Invoking command in '/home/jetson/Desktop/Robot_AGV/build/robot_bridge_node': CMAKE_PREFIX_PATH=${CMAKE_PREFIX_PATH}:/home/jetson/ros2_ws/install/tim510_driver:/opt/ros/humble /usr/bin/cmake --build /home/jetson/Desktop/Robot_AGV/build/robot_bridge_node -- -j6 -l6
[2.695s] [ 50%] [32mBuilding CXX object CMakeFiles/serial_bridge_node.dir/src/Serial_Bridge_Node.cpp.o[0m
[8.735s] [100%] [32m[1mLinking CXX executable serial_bridge_node[0m
[9.012s] [100%] Built target serial_bridge_node
[9.039s] Invoked command in '/home/jetson/Desktop/Robot_AGV/build/robot_bridge_node' returned '0': CMAKE_PREFIX_PATH=${CMAKE_PREFIX_PATH}:/home/jetson/ros2_ws/install/tim510_driver:/opt/ros/humble /usr/bin/cmake --build /home/jetson/Desktop/Robot_AGV/build/robot_bridge_node -- -j6 -l6
[9.062s] Invoking command in '/home/jetson/Desktop/Robot_AGV/build/robot_bridge_node': CMAKE_PREFIX_PATH=${CMAKE_PREFIX_PATH}:/home/jetson/ros2_ws/install/tim510_driver:/opt/ros/humble /usr/bin/cmake --install /home/jetson/Desktop/Robot_AGV/build/robot_bridge_node
[9.082s] -- Install configuration: ""
[9.082s] -- Installing: /home/jetson/Desktop/Robot_AGV/install/robot_bridge_node/lib/robot_bridge_node/serial_bridge_node
[9.084s] -- Set runtime path of "/home/jetson/Desktop/Robot_AGV/install/robot_bridge_node/lib/robot_bridge_node/serial_bridge_node" to ""
[9.085s] -- Installing: /home/jetson/Desktop/Robot_AGV/install/robot_bridge_node/share/ament_index/resource_index/package_run_dependencies/robot_bridge_node
[9.085s] -- Installing: /home/jetson/Desktop/Robot_AGV/install/robot_bridge_node/share/ament_index/resource_index/parent_prefix_path/robot_bridge_node
[9.086s] -- Installing: /home/jetson/Desktop/Robot_AGV/install/robot_bridge_node/share/robot_bridge_node/environment/ament_prefix_path.sh
[9.086s] -- Installing: /home/jetson/Desktop/Robot_AGV/install/robot_bridge_node/share/robot_bridge_node/environment/ament_prefix_path.dsv
[9.086s] -- Installing: /home/jetson/Desktop/Robot_AGV/install/robot_bridge_node/share/robot_bridge_node/environment/path.sh
[9.087s] -- Installing: /home/jetson/Desktop/Robot_AGV/install/robot_bridge_node/share/robot_bridge_node/environment/path.dsv
[9.087s] -- Installing: /home/jetson/Desktop/Robot_AGV/install/robot_bridge_node/share/robot_bridge_node/local_setup.bash
[9.087s] -- Installing: /home/jetson/Desktop/Robot_AGV/install/robot_bridge_node/share/robot_bridge_node/local_setup.sh
[9.088s] -- Installing: /home/jetson/Desktop/Robot_AGV/install/robot_bridge_node/share/robot_bridge_node/local_setup.zsh
[9.088s] -- Installing: /home/jetson/Desktop/Robot_AGV/install/robot_bridge_node/share/robot_bridge_node/local_setup.dsv
[9.088s] -- Installing: /home/jetson/Desktop/Robot_AGV/install/robot_bridge_node/share/robot_bridge_node/package.dsv
[9.089s] -- Installing: /home/jetson/Desktop/Robot_AGV/install/robot_bridge_node/share/ament_index/resource_index/packages/robot_bridge_node
[9.089s] -- Installing: /home/jetson/Desktop/Robot_AGV/install/robot_bridge_node/share/robot_bridge_node/cmake/robot_bridge_nodeConfig.cmake
[9.089s] -- Installing: /home/jetson/Desktop/Robot_AGV/install/robot_bridge_node/share/robot_bridge_node/cmake/robot_bridge_nodeConfig-version.cmake
[9.089s] -- Installing: /home/jetson/Desktop/Robot_AGV/install/robot_bridge_node/share/robot_bridge_node/package.xml
[9.094s] Invoked command in '/home/jetson/Desktop/Robot_AGV/build/robot_bridge_node' returned '0': CMAKE_PREFIX_PATH=${CMAKE_PREFIX_PATH}:/home/jetson/ros2_ws/install/tim510_driver:/opt/ros/humble /usr/bin/cmake --install /home/jetson/Desktop/Robot_AGV/build/robot_bridge_node
